My second line
My Third line
My Third line
